
*** Running vivado
    with args -log top_module.vdi -applog -m64 -product Vivado -messageDb vivado.pb -mode batch -source top_module.tcl -notrace


ECHO is off.
ECHO is off.

****** Vivado v2023.2 (64-bit)
  **** SW Build 4029153 on Fri Oct 13 20:14:34 MDT 2023
  **** IP Build 4028589 on Sat Oct 14 00:45:43 MDT 2023
  **** SharedData Build 4025554 on Tue Oct 10 17:18:54 MDT 2023
    ** Copyright 1986-2022 Xilinx, Inc. All Rights Reserved.
    ** Copyright 2022-2023 Advanced Micro Devices, Inc. All Rights Reserved.

source top_module.tcl -notrace
create_project: Time (s): cpu = 00:00:07 ; elapsed = 00:00:08 . Memory (MB): peak = 466.285 ; gain = 185.602
Command: link_design -top top_module -part xc7a35tcpg236-1
Design is defaulting to srcset: sources_1
Design is defaulting to constrset: constrs_1
INFO: [Device 21-403] Loading part xc7a35tcpg236-1
INFO: [Project 1-454] Reading design checkpoint 'c:/Users/Dennis Wong/Documents/FPGA_Projects/I2C_Controller/I2C_Controller/I2C_Controller.gen/sources_1/ip/sys_pll/sys_pll.dcp' for cell 'clock_40mhz'
Netlist sorting complete. Time (s): cpu = 00:00:00 ; elapsed = 00:00:00.006 . Memory (MB): peak = 887.258 ; gain = 0.000
INFO: [Netlist 29-17] Analyzing 40 Unisim elements for replacement
INFO: [Netlist 29-28] Unisim Transformation completed in 0 CPU seconds
INFO: [Project 1-479] Netlist was created with Vivado 2023.2
INFO: [Project 1-570] Preparing netlist for logic optimization
WARNING: [Opt 31-35] Removing redundant IBUF, clock_40mhz/inst/clkin1_ibufg, from the path connected to top-level port: sys_clk 
Resolution: The tool has removed redundant IBUF. To resolve this warning, check for redundant IBUF in the input design.
WARNING: [Constraints 18-550] Could not create 'IBUF_LOW_PWR' constraint because net 'clock_40mhz/clk_in1' is not directly connected to top level port. 'IBUF_LOW_PWR' is ignored for synthesis but preserved for implementation.
Parsing XDC File [c:/Users/Dennis Wong/Documents/FPGA_Projects/I2C_Controller/I2C_Controller/I2C_Controller.gen/sources_1/ip/sys_pll/sys_pll_board.xdc] for cell 'clock_40mhz/inst'
Finished Parsing XDC File [c:/Users/Dennis Wong/Documents/FPGA_Projects/I2C_Controller/I2C_Controller/I2C_Controller.gen/sources_1/ip/sys_pll/sys_pll_board.xdc] for cell 'clock_40mhz/inst'
Parsing XDC File [c:/Users/Dennis Wong/Documents/FPGA_Projects/I2C_Controller/I2C_Controller/I2C_Controller.gen/sources_1/ip/sys_pll/sys_pll.xdc] for cell 'clock_40mhz/inst'
INFO: [Timing 38-35] Done setting XDC timing constraints. [c:/Users/Dennis Wong/Documents/FPGA_Projects/I2C_Controller/I2C_Controller/I2C_Controller.gen/sources_1/ip/sys_pll/sys_pll.xdc:54]
INFO: [Timing 38-2] Deriving generated clocks [c:/Users/Dennis Wong/Documents/FPGA_Projects/I2C_Controller/I2C_Controller/I2C_Controller.gen/sources_1/ip/sys_pll/sys_pll.xdc:54]
get_clocks: Time (s): cpu = 00:00:08 ; elapsed = 00:00:08 . Memory (MB): peak = 1582.023 ; gain = 577.172
Finished Parsing XDC File [c:/Users/Dennis Wong/Documents/FPGA_Projects/I2C_Controller/I2C_Controller/I2C_Controller.gen/sources_1/ip/sys_pll/sys_pll.xdc] for cell 'clock_40mhz/inst'
Parsing XDC File [C:/Users/Dennis Wong/Documents/FPGA_Projects/I2C_Controller/I2C_Controller/I2C_Controller.srcs/constrs_1/new/my_constraints.xdc]
Finished Parsing XDC File [C:/Users/Dennis Wong/Documents/FPGA_Projects/I2C_Controller/I2C_Controller/I2C_Controller.srcs/constrs_1/new/my_constraints.xdc]
INFO: [Opt 31-138] Pushed 0 inverter(s) to 0 load pin(s).
Netlist sorting complete. Time (s): cpu = 00:00:00 ; elapsed = 00:00:00 . Memory (MB): peak = 1582.023 ; gain = 0.000
INFO: [Project 1-111] Unisim Transformation Summary:
  A total of 1 instances were transformed.
  IOBUF => IOBUF (IBUF, OBUFT): 1 instance 

Access is denied.
10 Infos, 2 Warnings, 0 Critical Warnings and 0 Errors encountered.
link_design completed successfully
link_design: Time (s): cpu = 00:00:14 ; elapsed = 00:00:16 . Memory (MB): peak = 1582.023 ; gain = 1101.613
Command: opt_design
Attempting to get a license for feature 'Implementation' and/or device 'xc7a35t'
INFO: [Common 17-349] Got license for feature 'Implementation' and/or device 'xc7a35t'
Running DRC as a precondition to command opt_design

Starting DRC Task
INFO: [DRC 23-27] Running DRC with 2 threads
INFO: [Project 1-461] DRC finished with 0 Errors
INFO: [Project 1-462] Please refer to the DRC report (report_drc) for more information.

Time (s): cpu = 00:00:01 ; elapsed = 00:00:01 . Memory (MB): peak = 1582.023 ; gain = 0.000

Starting Cache Timing Information Task
INFO: [Timing 38-35] Done setting XDC timing constraints.
Ending Cache Timing Information Task | Checksum: 7b69284a

Time (s): cpu = 00:00:00 ; elapsed = 00:00:00.031 . Memory (MB): peak = 1598.957 ; gain = 16.934

Starting Logic Optimization Task

Phase 1 Initialization

Phase 1.1 Core Generation And Design Setup
Phase 1.1 Core Generation And Design Setup | Checksum: 7b69284a

Time (s): cpu = 00:00:00 ; elapsed = 00:00:00.001 . Memory (MB): peak = 1945.711 ; gain = 0.000

Phase 1.2 Setup Constraints And Sort Netlist
Phase 1.2 Setup Constraints And Sort Netlist | Checksum: 7b69284a

Time (s): cpu = 00:00:00 ; elapsed = 00:00:00.002 . Memory (MB): peak = 1945.711 ; gain = 0.000
Phase 1 Initialization | Checksum: 7b69284a

Time (s): cpu = 00:00:00 ; elapsed = 00:00:00.002 . Memory (MB): peak = 1945.711 ; gain = 0.000

Phase 2 Timer Update And Timing Data Collection

Phase 2.1 Timer Update
Phase 2.1 Timer Update | Checksum: 7b69284a

Time (s): cpu = 00:00:00 ; elapsed = 00:00:00.018 . Memory (MB): peak = 1945.711 ; gain = 0.000

Phase 2.2 Timing Data Collection
Phase 2.2 Timing Data Collection | Checksum: 7b69284a

Time (s): cpu = 00:00:00 ; elapsed = 00:00:00.024 . Memory (MB): peak = 1945.711 ; gain = 0.000
Phase 2 Timer Update And Timing Data Collection | Checksum: 7b69284a

Time (s): cpu = 00:00:00 ; elapsed = 00:00:00.025 . Memory (MB): peak = 1945.711 ; gain = 0.000

Phase 3 Retarget
INFO: [Opt 31-1566] Pulled 1 inverters resulting in an inversion of 1 pins
INFO: [Opt 31-138] Pushed 0 inverter(s) to 0 load pin(s).
INFO: [Opt 31-49] Retargeted 0 cell(s).
Phase 3 Retarget | Checksum: ccbf98ce

Time (s): cpu = 00:00:00 ; elapsed = 00:00:00.037 . Memory (MB): peak = 1945.711 ; gain = 0.000
Retarget | Checksum: ccbf98ce
INFO: [Opt 31-389] Phase Retarget created 0 cells and removed 2 cells
INFO: [Opt 31-1021] In phase Retarget, 1 netlist objects are constrained preventing optimization. Please run opt_design with -debug_log to get more detail. 

Phase 4 Constant propagation
INFO: [Opt 31-138] Pushed 0 inverter(s) to 0 load pin(s).
Phase 4 Constant propagation | Checksum: c20ef580

Time (s): cpu = 00:00:00 ; elapsed = 00:00:00.043 . Memory (MB): peak = 1945.711 ; gain = 0.000
Constant propagation | Checksum: c20ef580
INFO: [Opt 31-389] Phase Constant propagation created 0 cells and removed 0 cells

Phase 5 Sweep
Phase 5 Sweep | Checksum: bfea71f9

Time (s): cpu = 00:00:00 ; elapsed = 00:00:00.050 . Memory (MB): peak = 1945.711 ; gain = 0.000
Sweep | Checksum: bfea71f9
INFO: [Opt 31-389] Phase Sweep created 0 cells and removed 0 cells

Phase 6 BUFG optimization
INFO: [Opt 31-194] Inserted BUFG sys_clk_IBUF_BUFG_inst to drive 45 load(s) on clock net sys_clk_IBUF_BUFG
INFO: [Opt 31-193] Inserted 1 BUFG(s) on clock nets
Phase 6 BUFG optimization | Checksum: 859f6d4c

Time (s): cpu = 00:00:00 ; elapsed = 00:00:00.102 . Memory (MB): peak = 1945.711 ; gain = 0.000
BUFG optimization | Checksum: 859f6d4c
INFO: [Opt 31-662] Phase BUFG optimization created 1 cells of which 1 are BUFGs and removed 0 cells.

Phase 7 Shift Register Optimization
INFO: [Opt 31-1064] SRL Remap converted 0 SRLs to 0 registers and converted 0 registers of register chains to 0 SRLs
Phase 7 Shift Register Optimization | Checksum: 859f6d4c

Time (s): cpu = 00:00:00 ; elapsed = 00:00:00.104 . Memory (MB): peak = 1945.711 ; gain = 0.000
Shift Register Optimization | Checksum: 859f6d4c
INFO: [Opt 31-389] Phase Shift Register Optimization created 0 cells and removed 0 cells

Phase 8 Post Processing Netlist
Phase 8 Post Processing Netlist | Checksum: 859f6d4c

Time (s): cpu = 00:00:00 ; elapsed = 00:00:00.107 . Memory (MB): peak = 1945.711 ; gain = 0.000
Post Processing Netlist | Checksum: 859f6d4c
INFO: [Opt 31-389] Phase Post Processing Netlist created 0 cells and removed 0 cells

Phase 9 Finalization

Phase 9.1 Finalizing Design Cores and Updating Shapes
Phase 9.1 Finalizing Design Cores and Updating Shapes | Checksum: b63f58cb

Time (s): cpu = 00:00:00 ; elapsed = 00:00:00.138 . Memory (MB): peak = 1945.711 ; gain = 0.000

Phase 9.2 Verifying Netlist Connectivity

Starting Connectivity Check Task

Time (s): cpu = 00:00:00 ; elapsed = 00:00:00.002 . Memory (MB): peak = 1945.711 ; gain = 0.000
Phase 9.2 Verifying Netlist Connectivity | Checksum: b63f58cb

Time (s): cpu = 00:00:00 ; elapsed = 00:00:00.141 . Memory (MB): peak = 1945.711 ; gain = 0.000
Phase 9 Finalization | Checksum: b63f58cb

Time (s): cpu = 00:00:00 ; elapsed = 00:00:00.141 . Memory (MB): peak = 1945.711 ; gain = 0.000
Opt_design Change Summary
=========================


-------------------------------------------------------------------------------------------------------------------------
|  Phase                        |  #Cells created  |  #Cells Removed  |  #Constrained objects preventing optimizations  |
-------------------------------------------------------------------------------------------------------------------------
|  Retarget                     |               0  |               2  |                                              1  |
|  Constant propagation         |               0  |               0  |                                              0  |
|  Sweep                        |               0  |               0  |                                              0  |
|  BUFG optimization            |               1  |               0  |                                              0  |
|  Shift Register Optimization  |               0  |               0  |                                              0  |
|  Post Processing Netlist      |               0  |               0  |                                              0  |
-------------------------------------------------------------------------------------------------------------------------


Ending Logic Optimization Task | Checksum: b63f58cb

Time (s): cpu = 00:00:00 ; elapsed = 00:00:00.143 . Memory (MB): peak = 1945.711 ; gain = 0.000
INFO: [Constraints 18-11670] Building netlist checker database with flags, 0x8
Done building netlist checker database: Time (s): cpu = 00:00:00 ; elapsed = 00:00:00 . Memory (MB): peak = 1945.711 ; gain = 0.000

Starting Power Optimization Task
INFO: [Pwropt 34-132] Skipping clock gating for clocks with a period < 2.00 ns.
Ending Power Optimization Task | Checksum: b63f58cb

Time (s): cpu = 00:00:00 ; elapsed = 00:00:00.013 . Memory (MB): peak = 1945.711 ; gain = 0.000

Starting Final Cleanup Task
Ending Final Cleanup Task | Checksum: b63f58cb

Time (s): cpu = 00:00:00 ; elapsed = 00:00:00.001 . Memory (MB): peak = 1945.711 ; gain = 0.000

Starting Netlist Obfuscation Task
Netlist sorting complete. Time (s): cpu = 00:00:00 ; elapsed = 00:00:00 . Memory (MB): peak = 1945.711 ; gain = 0.000
Ending Netlist Obfuscation Task | Checksum: b63f58cb

Time (s): cpu = 00:00:00 ; elapsed = 00:00:00.001 . Memory (MB): peak = 1945.711 ; gain = 0.000
INFO: [Common 17-83] Releasing license: Implementation
32 Infos, 2 Warnings, 0 Critical Warnings and 0 Errors encountered.
opt_design completed successfully
opt_design: Time (s): cpu = 00:00:05 ; elapsed = 00:00:05 . Memory (MB): peak = 1945.711 ; gain = 363.688
INFO: [runtcl-4] Executing : report_drc -file top_module_drc_opted.rpt -pb top_module_drc_opted.pb -rpx top_module_drc_opted.rpx
Command: report_drc -file top_module_drc_opted.rpt -pb top_module_drc_opted.pb -rpx top_module_drc_opted.rpx
INFO: [IP_Flow 19-1839] IP Catalog is up to date.
INFO: [DRC 23-27] Running DRC with 2 threads
INFO: [Vivado_Tcl 2-168] The results of DRC are in file C:/Users/Dennis Wong/Documents/FPGA_Projects/I2C_Controller/I2C_Controller/I2C_Controller.runs/impl_1/top_module_drc_opted.rpt.
report_drc completed successfully
INFO: [Timing 38-35] Done setting XDC timing constraints.
INFO: [Timing 38-480] Writing timing data to binary archive.
Write ShapeDB Complete: Time (s): cpu = 00:00:00 ; elapsed = 00:00:00.004 . Memory (MB): peak = 1945.711 ; gain = 0.000
Wrote PlaceDB: Time (s): cpu = 00:00:00 ; elapsed = 00:00:00.002 . Memory (MB): peak = 1945.711 ; gain = 0.000
Wrote PulsedLatchDB: Time (s): cpu = 00:00:00 ; elapsed = 00:00:00 . Memory (MB): peak = 1945.711 ; gain = 0.000
Writing XDEF routing.
Writing XDEF routing logical nets.
Writing XDEF routing special nets.
Wrote RouteStorage: Time (s): cpu = 00:00:00 ; elapsed = 00:00:00.028 . Memory (MB): peak = 1945.711 ; gain = 0.000
Wrote Netlist Cache: Time (s): cpu = 00:00:00 ; elapsed = 00:00:00 . Memory (MB): peak = 1945.711 ; gain = 0.000
Wrote Device Cache: Time (s): cpu = 00:00:00 ; elapsed = 00:00:00.007 . Memory (MB): peak = 1945.711 ; gain = 0.000
Write Physdb Complete: Time (s): cpu = 00:00:00 ; elapsed = 00:00:00.044 . Memory (MB): peak = 1945.711 ; gain = 0.000
INFO: [Common 17-1381] The checkpoint 'C:/Users/Dennis Wong/Documents/FPGA_Projects/I2C_Controller/I2C_Controller/I2C_Controller.runs/impl_1/top_module_opt.dcp' has been generated.
Command: place_design
Attempting to get a license for feature 'Implementation' and/or device 'xc7a35t'
INFO: [Common 17-349] Got license for feature 'Implementation' and/or device 'xc7a35t'
INFO: [Common 17-83] Releasing license: Implementation
INFO: [DRC 23-27] Running DRC with 2 threads
INFO: [Vivado_Tcl 4-198] DRC finished with 0 Errors
INFO: [Vivado_Tcl 4-199] Please refer to the DRC report (report_drc) for more information.
Running DRC as a precondition to command place_design
INFO: [DRC 23-27] Running DRC with 2 threads
INFO: [Vivado_Tcl 4-198] DRC finished with 0 Errors
INFO: [Vivado_Tcl 4-199] Please refer to the DRC report (report_drc) for more information.
INFO: [Place 30-611] Multithreading enabled for place_design using a maximum of 2 CPUs

Starting Placer Task

Phase 1 Placer Initialization

Phase 1.1 Placer Initialization Netlist Sorting
Netlist sorting complete. Time (s): cpu = 00:00:00 ; elapsed = 00:00:00 . Memory (MB): peak = 1945.711 ; gain = 0.000
Phase 1.1 Placer Initialization Netlist Sorting | Checksum: 857d96d6

Time (s): cpu = 00:00:00 ; elapsed = 00:00:00.002 . Memory (MB): peak = 1945.711 ; gain = 0.000
Netlist sorting complete. Time (s): cpu = 00:00:00 ; elapsed = 00:00:00.001 . Memory (MB): peak = 1945.711 ; gain = 0.000

Phase 1.2 IO Placement/ Clock Placement/ Build Placer Device
Phase 1.2 IO Placement/ Clock Placement/ Build Placer Device | Checksum: ee96fd57

Time (s): cpu = 00:00:00 ; elapsed = 00:00:00.435 . Memory (MB): peak = 1945.711 ; gain = 0.000

Phase 1.3 Build Placer Netlist Model
Phase 1.3 Build Placer Netlist Model | Checksum: 107fd005c

Time (s): cpu = 00:00:01 ; elapsed = 00:00:00.628 . Memory (MB): peak = 1945.711 ; gain = 0.000

Phase 1.4 Constrain Clocks/Macros
Phase 1.4 Constrain Clocks/Macros | Checksum: 107fd005c

Time (s): cpu = 00:00:01 ; elapsed = 00:00:00.633 . Memory (MB): peak = 1945.711 ; gain = 0.000
Phase 1 Placer Initialization | Checksum: 107fd005c

Time (s): cpu = 00:00:01 ; elapsed = 00:00:00.637 . Memory (MB): peak = 1945.711 ; gain = 0.000

Phase 2 Global Placement

Phase 2.1 Floorplanning
Phase 2.1 Floorplanning | Checksum: 1163eed4b

Time (s): cpu = 00:00:01 ; elapsed = 00:00:00.734 . Memory (MB): peak = 1945.711 ; gain = 0.000

Phase 2.2 Update Timing before SLR Path Opt
Phase 2.2 Update Timing before SLR Path Opt | Checksum: 170bed0ae

Time (s): cpu = 00:00:01 ; elapsed = 00:00:00.805 . Memory (MB): peak = 1945.711 ; gain = 0.000

Phase 2.3 Post-Processing in Floorplanning
Phase 2.3 Post-Processing in Floorplanning | Checksum: 1992bb883

Time (s): cpu = 00:00:01 ; elapsed = 00:00:00.806 . Memory (MB): peak = 1945.711 ; gain = 0.000

Phase 2.4 Global Placement Core

Phase 2.4.1 UpdateTiming Before Physical Synthesis
Phase 2.4.1 UpdateTiming Before Physical Synthesis | Checksum: 1311fe80d

Time (s): cpu = 00:00:03 ; elapsed = 00:00:03 . Memory (MB): peak = 1945.711 ; gain = 0.000

Phase 2.4.2 Physical Synthesis In Placer
INFO: [Physopt 32-1035] Found 0 LUTNM shape to break, 11 LUT instances to create LUTNM shape
INFO: [Physopt 32-1044] Break lutnm for timing: one critical 0, two critical 0, total 0, new lutff created 0
INFO: [Physopt 32-1138] End 1 Pass. Optimized 5 nets or LUTs. Breaked 0 LUT, combined 5 existing LUTs and moved 0 existing LUT
INFO: [Physopt 32-65] No nets found for high-fanout optimization.
INFO: [Physopt 32-232] Optimized 0 net. Created 0 new instance.
INFO: [Physopt 32-775] End 1 Pass. Optimized 0 net or cell. Created 0 new cell, deleted 0 existing cell and moved 0 existing cell
INFO: [Physopt 32-456] No candidate cells for DSP register optimization found in the design.
INFO: [Physopt 32-775] End 2 Pass. Optimized 0 net or cell. Created 0 new cell, deleted 0 existing cell and moved 0 existing cell
INFO: [Physopt 32-1123] No candidate cells found for Shift Register to Pipeline optimization
INFO: [Physopt 32-775] End 2 Pass. Optimized 0 net or cell. Created 0 new cell, deleted 0 existing cell and moved 0 existing cell
INFO: [Physopt 32-1401] No candidate cells found for Shift Register optimization.
INFO: [Physopt 32-677] No candidate cells for Shift Register optimization found in the design
INFO: [Physopt 32-775] End 1 Pass. Optimized 0 net or cell. Created 0 new cell, deleted 0 existing cell and moved 0 existing cell
INFO: [Physopt 32-526] No candidate cells for BRAM register optimization found in the design
INFO: [Physopt 32-775] End 1 Pass. Optimized 0 net or cell. Created 0 new cell, deleted 0 existing cell and moved 0 existing cell
INFO: [Physopt 32-846] No candidate cells for URAM register optimization found in the design
INFO: [Physopt 32-775] End 1 Pass. Optimized 0 net or cell. Created 0 new cell, deleted 0 existing cell and moved 0 existing cell
INFO: [Physopt 32-846] No candidate cells for URAM register optimization found in the design
INFO: [Physopt 32-775] End 1 Pass. Optimized 0 net or cell. Created 0 new cell, deleted 0 existing cell and moved 0 existing cell
INFO: [Physopt 32-949] No candidate nets found for dynamic/static region interface net replication
INFO: [Physopt 32-775] End 1 Pass. Optimized 0 net or cell. Created 0 new cell, deleted 0 existing cell and moved 0 existing cell
Netlist sorting complete. Time (s): cpu = 00:00:00 ; elapsed = 00:00:00 . Memory (MB): peak = 1945.711 ; gain = 0.000

Summary of Physical Synthesis Optimizations
============================================


-----------------------------------------------------------------------------------------------------------------------------------------------------------
|  Optimization                                     |  Added Cells  |  Removed Cells  |  Optimized Cells/Nets  |  Dont Touch  |  Iterations  |  Elapsed   |
-----------------------------------------------------------------------------------------------------------------------------------------------------------
|  LUT Combining                                    |            0  |              5  |                     5  |           0  |           1  |  00:00:00  |
|  Retime                                           |            0  |              0  |                     0  |           0  |           1  |  00:00:00  |
|  Very High Fanout                                 |            0  |              0  |                     0  |           0  |           1  |  00:00:00  |
|  DSP Register                                     |            0  |              0  |                     0  |           0  |           1  |  00:00:00  |
|  Shift Register to Pipeline                       |            0  |              0  |                     0  |           0  |           1  |  00:00:00  |
|  Shift Register                                   |            0  |              0  |                     0  |           0  |           1  |  00:00:00  |
|  BRAM Register                                    |            0  |              0  |                     0  |           0  |           1  |  00:00:00  |
|  URAM Register                                    |            0  |              0  |                     0  |           0  |           1  |  00:00:00  |
|  Dynamic/Static Region Interface Net Replication  |            0  |              0  |                     0  |           0  |           1  |  00:00:00  |
|  Total                                            |            0  |              5  |                     5  |           0  |           9  |  00:00:00  |
-----------------------------------------------------------------------------------------------------------------------------------------------------------


Phase 2.4.2 Physical Synthesis In Placer | Checksum: 1f2319a5b

Time (s): cpu = 00:00:03 ; elapsed = 00:00:03 . Memory (MB): peak = 1945.711 ; gain = 0.000
Phase 2.4 Global Placement Core | Checksum: 18ae3b02f

Time (s): cpu = 00:00:03 ; elapsed = 00:00:03 . Memory (MB): peak = 1945.711 ; gain = 0.000
Phase 2 Global Placement | Checksum: 18ae3b02f

Time (s): cpu = 00:00:03 ; elapsed = 00:00:03 . Memory (MB): peak = 1945.711 ; gain = 0.000

Phase 3 Detail Placement

Phase 3.1 Commit Multi Column Macros
Phase 3.1 Commit Multi Column Macros | Checksum: 1aa977b62

Time (s): cpu = 00:00:03 ; elapsed = 00:00:03 . Memory (MB): peak = 1945.711 ; gain = 0.000

Phase 3.2 Commit Most Macros & LUTRAMs
Phase 3.2 Commit Most Macros & LUTRAMs | Checksum: 1e4a79643

Time (s): cpu = 00:00:03 ; elapsed = 00:00:03 . Memory (MB): peak = 1945.711 ; gain = 0.000

Phase 3.3 Area Swap Optimization
Phase 3.3 Area Swap Optimization | Checksum: 1f5597fe2

Time (s): cpu = 00:00:03 ; elapsed = 00:00:03 . Memory (MB): peak = 1945.711 ; gain = 0.000

Phase 3.4 Pipeline Register Optimization
Phase 3.4 Pipeline Register Optimization | Checksum: 19a4fef90

Time (s): cpu = 00:00:03 ; elapsed = 00:00:03 . Memory (MB): peak = 1945.711 ; gain = 0.000

Phase 3.5 Fast Optimization
Phase 3.5 Fast Optimization | Checksum: 19516bcd3

Time (s): cpu = 00:00:04 ; elapsed = 00:00:04 . Memory (MB): peak = 1945.711 ; gain = 0.000

Phase 3.6 Small Shape Detail Placement
Phase 3.6 Small Shape Detail Placement | Checksum: 1918ad5f5

Time (s): cpu = 00:00:04 ; elapsed = 00:00:04 . Memory (MB): peak = 1945.711 ; gain = 0.000

Phase 3.7 Re-assign LUT pins
Phase 3.7 Re-assign LUT pins | Checksum: 19806058d

Time (s): cpu = 00:00:04 ; elapsed = 00:00:04 . Memory (MB): peak = 1945.711 ; gain = 0.000

Phase 3.8 Pipeline Register Optimization
Phase 3.8 Pipeline Register Optimization | Checksum: f50f559b

Time (s): cpu = 00:00:04 ; elapsed = 00:00:04 . Memory (MB): peak = 1945.711 ; gain = 0.000

Phase 3.9 Fast Optimization
Phase 3.9 Fast Optimization | Checksum: 1e5bbb241

Time (s): cpu = 00:00:05 ; elapsed = 00:00:05 . Memory (MB): peak = 1945.711 ; gain = 0.000
Phase 3 Detail Placement | Checksum: 1e5bbb241

Time (s): cpu = 00:00:05 ; elapsed = 00:00:05 . Memory (MB): peak = 1945.711 ; gain = 0.000

Phase 4 Post Placement Optimization and Clean-Up

Phase 4.1 Post Commit Optimization
INFO: [Timing 38-35] Done setting XDC timing constraints.

Phase 4.1.1 Post Placement Optimization
Post Placement Optimization Initialization | Checksum: d3d172f4

Phase 4.1.1.1 BUFG Insertion

Starting Physical Synthesis Task

Phase 1 Physical Synthesis Initialization
INFO: [Physopt 32-721] Multithreading enabled for phys_opt_design using a maximum of 2 CPUs
INFO: [Physopt 32-619] Estimated Timing Summary | WNS=-1.126 | TNS=-6.043 |
Phase 1 Physical Synthesis Initialization | Checksum: 6bc5be89

Time (s): cpu = 00:00:00 ; elapsed = 00:00:00.025 . Memory (MB): peak = 1945.711 ; gain = 0.000
INFO: [Place 46-56] BUFG insertion identified 0 candidate nets. Inserted BUFG: 0, Replicated BUFG Driver: 0, Skipped due to Placement/Routing Conflicts: 0, Skipped due to Timing Degradation: 0, Skipped due to netlist editing failed: 0.
Ending Physical Synthesis Task | Checksum: 6bc5be89

Time (s): cpu = 00:00:00 ; elapsed = 00:00:00.033 . Memory (MB): peak = 1945.711 ; gain = 0.000
Phase 4.1.1.1 BUFG Insertion | Checksum: d3d172f4

Time (s): cpu = 00:00:05 ; elapsed = 00:00:05 . Memory (MB): peak = 1945.711 ; gain = 0.000

Phase 4.1.1.2 Post Placement Timing Optimization
INFO: [Place 30-746] Post Placement Timing Summary WNS=-0.590. For the most accurate timing information please run report_timing.
Phase 4.1.1.2 Post Placement Timing Optimization | Checksum: 114e229e9

Time (s): cpu = 00:00:07 ; elapsed = 00:00:07 . Memory (MB): peak = 1945.711 ; gain = 0.000

Time (s): cpu = 00:00:07 ; elapsed = 00:00:07 . Memory (MB): peak = 1945.711 ; gain = 0.000
Phase 4.1 Post Commit Optimization | Checksum: 114e229e9

Time (s): cpu = 00:00:07 ; elapsed = 00:00:07 . Memory (MB): peak = 1945.711 ; gain = 0.000

Phase 4.2 Post Placement Cleanup
Phase 4.2 Post Placement Cleanup | Checksum: 114e229e9

Time (s): cpu = 00:00:07 ; elapsed = 00:00:07 . Memory (MB): peak = 1945.711 ; gain = 0.000

Phase 4.3 Placer Reporting

Phase 4.3.1 Print Estimated Congestion
INFO: [Place 30-612] Post-Placement Estimated Congestion 
 ____________________________________________________
|           | Global Congestion | Short Congestion  |
| Direction | Region Size       | Region Size       |
|___________|___________________|___________________|
|      North|                1x1|                1x1|
|___________|___________________|___________________|
|      South|                1x1|                1x1|
|___________|___________________|___________________|
|       East|                1x1|                1x1|
|___________|___________________|___________________|
|       West|                1x1|                1x1|
|___________|___________________|___________________|

Phase 4.3.1 Print Estimated Congestion | Checksum: 114e229e9

Time (s): cpu = 00:00:07 ; elapsed = 00:00:07 . Memory (MB): peak = 1945.711 ; gain = 0.000
Phase 4.3 Placer Reporting | Checksum: 114e229e9

Time (s): cpu = 00:00:07 ; elapsed = 00:00:07 . Memory (MB): peak = 1945.711 ; gain = 0.000

Phase 4.4 Final Placement Cleanup
Netlist sorting complete. Time (s): cpu = 00:00:00 ; elapsed = 00:00:00.001 . Memory (MB): peak = 1945.711 ; gain = 0.000

Time (s): cpu = 00:00:07 ; elapsed = 00:00:07 . Memory (MB): peak = 1945.711 ; gain = 0.000
Phase 4 Post Placement Optimization and Clean-Up | Checksum: 1cdea5450

Time (s): cpu = 00:00:07 ; elapsed = 00:00:07 . Memory (MB): peak = 1945.711 ; gain = 0.000
Ending Placer Task | Checksum: ff122ec2

Time (s): cpu = 00:00:07 ; elapsed = 00:00:07 . Memory (MB): peak = 1945.711 ; gain = 0.000
75 Infos, 2 Warnings, 0 Critical Warnings and 0 Errors encountered.
place_design completed successfully
place_design: Time (s): cpu = 00:00:09 ; elapsed = 00:00:08 . Memory (MB): peak = 1945.711 ; gain = 0.000
INFO: [runtcl-4] Executing : report_io -file top_module_io_placed.rpt
report_io: Time (s): cpu = 00:00:00 ; elapsed = 00:00:00.056 . Memory (MB): peak = 1945.711 ; gain = 0.000
INFO: [runtcl-4] Executing : report_utilization -file top_module_utilization_placed.rpt -pb top_module_utilization_placed.pb
INFO: [runtcl-4] Executing : report_control_sets -verbose -file top_module_control_sets_placed.rpt
report_control_sets: Time (s): cpu = 00:00:00 ; elapsed = 00:00:00.004 . Memory (MB): peak = 1945.711 ; gain = 0.000
INFO: [Timing 38-480] Writing timing data to binary archive.
Write ShapeDB Complete: Time (s): cpu = 00:00:00 ; elapsed = 00:00:00.002 . Memory (MB): peak = 1945.711 ; gain = 0.000
Wrote PlaceDB: Time (s): cpu = 00:00:00 ; elapsed = 00:00:00.057 . Memory (MB): peak = 1945.711 ; gain = 0.000
Wrote PulsedLatchDB: Time (s): cpu = 00:00:00 ; elapsed = 00:00:00 . Memory (MB): peak = 1945.711 ; gain = 0.000
Writing XDEF routing.
Writing XDEF routing logical nets.
Writing XDEF routing special nets.
Wrote RouteStorage: Time (s): cpu = 00:00:00 ; elapsed = 00:00:00.020 . Memory (MB): peak = 1945.711 ; gain = 0.000
Wrote Netlist Cache: Time (s): cpu = 00:00:00 ; elapsed = 00:00:00.001 . Memory (MB): peak = 1945.711 ; gain = 0.000
Wrote Device Cache: Time (s): cpu = 00:00:00 ; elapsed = 00:00:00.007 . Memory (MB): peak = 1945.711 ; gain = 0.000
Write Physdb Complete: Time (s): cpu = 00:00:00 ; elapsed = 00:00:00.095 . Memory (MB): peak = 1945.711 ; gain = 0.000
INFO: [Common 17-1381] The checkpoint 'C:/Users/Dennis Wong/Documents/FPGA_Projects/I2C_Controller/I2C_Controller/I2C_Controller.runs/impl_1/top_module_placed.dcp' has been generated.
Command: phys_opt_design
Attempting to get a license for feature 'Implementation' and/or device 'xc7a35t'
INFO: [Common 17-349] Got license for feature 'Implementation' and/or device 'xc7a35t'

Starting Initial Update Timing Task

Time (s): cpu = 00:00:01 ; elapsed = 00:00:00.095 . Memory (MB): peak = 1945.711 ; gain = 0.000
INFO: [Vivado_Tcl 4-1435] PhysOpt_Tcl_Interface Runtime Before Starting Physical Synthesis Task | CPU: 1.00s |  WALL: 0.11s
Netlist sorting complete. Time (s): cpu = 00:00:00 ; elapsed = 00:00:00 . Memory (MB): peak = 1945.711 ; gain = 0.000

Starting Physical Synthesis Task

Phase 1 Physical Synthesis Initialization
INFO: [Physopt 32-721] Multithreading enabled for phys_opt_design using a maximum of 2 CPUs
INFO: [Physopt 32-619] Estimated Timing Summary | WNS=-0.590 | TNS=-2.932 |
Phase 1 Physical Synthesis Initialization | Checksum: be33dc8d

Time (s): cpu = 00:00:00 ; elapsed = 00:00:00.111 . Memory (MB): peak = 1945.711 ; gain = 0.000
INFO: [Physopt 32-619] Estimated Timing Summary | WNS=-0.590 | TNS=-2.932 |

Phase 2 DSP Register Optimization
INFO: [Physopt 32-456] No candidate cells for DSP register optimization found in the design.
INFO: [Physopt 32-775] End 2 Pass. Optimized 0 net or cell. Created 0 new cell, deleted 0 existing cell and moved 0 existing cell
Phase 2 DSP Register Optimization | Checksum: be33dc8d

Time (s): cpu = 00:00:00 ; elapsed = 00:00:00.114 . Memory (MB): peak = 1945.711 ; gain = 0.000

Phase 3 Critical Path Optimization
INFO: [Physopt 32-619] Estimated Timing Summary | WNS=-0.590 | TNS=-2.932 |
INFO: [Physopt 32-663] Processed net i2c_baud_rate_generator/counterTick_reg[0].  Re-placed instance i2c_baud_rate_generator/counterTick_reg[0]
INFO: [Physopt 32-735] Processed net i2c_baud_rate_generator/counterTick_reg[0]. Optimization improves timing on the net.
INFO: [Physopt 32-619] Estimated Timing Summary | WNS=-0.590 | TNS=-2.901 |
INFO: [Physopt 32-663] Processed net i2c_baud_rate_generator/counterTick_reg[1].  Re-placed instance i2c_baud_rate_generator/counterTick_reg[1]
INFO: [Physopt 32-735] Processed net i2c_baud_rate_generator/counterTick_reg[1]. Optimization improves timing on the net.
INFO: [Physopt 32-619] Estimated Timing Summary | WNS=-0.590 | TNS=-2.870 |
INFO: [Physopt 32-663] Processed net i2c_baud_rate_generator/counterTick_reg[2].  Re-placed instance i2c_baud_rate_generator/counterTick_reg[2]
INFO: [Physopt 32-735] Processed net i2c_baud_rate_generator/counterTick_reg[2]. Optimization improves timing on the net.
INFO: [Physopt 32-619] Estimated Timing Summary | WNS=-0.590 | TNS=-2.839 |
INFO: [Physopt 32-663] Processed net i2c_baud_rate_generator/counterTick_reg[3].  Re-placed instance i2c_baud_rate_generator/counterTick_reg[3]
INFO: [Physopt 32-735] Processed net i2c_baud_rate_generator/counterTick_reg[3]. Optimization improves timing on the net.
INFO: [Physopt 32-619] Estimated Timing Summary | WNS=-0.559 | TNS=-2.808 |
INFO: [Physopt 32-702] Processed net i2c_baud_rate_generator/counterTick_reg[0]. Optimizations did not improve timing on the net.
INFO: [Physopt 32-702] Processed net my_debounce/debounced_reset. Optimizations did not improve timing on the net.
INFO: [Physopt 32-702] Processed net i2c_baud_rate_generator/counterTick[0]_i_1__0_n_0. Optimizations did not improve timing on the net.
INFO: [Physopt 32-702] Processed net sys_clk_IBUF. Optimizations did not improve timing on the net.
INFO: [Physopt 32-702] Processed net sys_clk. Optimizations did not improve timing on the net.
INFO: [Physopt 32-702] Processed net i2c_baud_rate_generator/counterTick_reg[0]. Optimizations did not improve timing on the net.
INFO: [Physopt 32-702] Processed net my_debounce/debounced_reset. Optimizations did not improve timing on the net.
INFO: [Physopt 32-702] Processed net i2c_baud_rate_generator/counterTick[0]_i_1__0_n_0. Optimizations did not improve timing on the net.
INFO: [Physopt 32-702] Processed net sys_clk_IBUF. Optimizations did not improve timing on the net.
INFO: [Physopt 32-702] Processed net sys_clk. Optimizations did not improve timing on the net.
INFO: [Physopt 32-619] Estimated Timing Summary | WNS=-0.559 | TNS=-2.808 |
Netlist sorting complete. Time (s): cpu = 00:00:00 ; elapsed = 00:00:00.001 . Memory (MB): peak = 1945.711 ; gain = 0.000
Phase 3 Critical Path Optimization | Checksum: be33dc8d

Time (s): cpu = 00:00:01 ; elapsed = 00:00:01 . Memory (MB): peak = 1945.711 ; gain = 0.000

Phase 4 Critical Path Optimization
INFO: [Physopt 32-619] Estimated Timing Summary | WNS=-0.559 | TNS=-2.808 |
INFO: [Physopt 32-702] Processed net i2c_baud_rate_generator/counterTick_reg[0]. Optimizations did not improve timing on the net.
INFO: [Physopt 32-702] Processed net my_debounce/debounced_reset. Optimizations did not improve timing on the net.
INFO: [Physopt 32-702] Processed net i2c_baud_rate_generator/counterTick[0]_i_1__0_n_0. Optimizations did not improve timing on the net.
INFO: [Physopt 32-702] Processed net sys_clk_IBUF. Optimizations did not improve timing on the net.
INFO: [Physopt 32-702] Processed net sys_clk. Optimizations did not improve timing on the net.
INFO: [Physopt 32-702] Processed net i2c_baud_rate_generator/counterTick_reg[0]. Optimizations did not improve timing on the net.
INFO: [Physopt 32-702] Processed net my_debounce/debounced_reset. Optimizations did not improve timing on the net.
INFO: [Physopt 32-702] Processed net i2c_baud_rate_generator/counterTick[0]_i_1__0_n_0. Optimizations did not improve timing on the net.
INFO: [Physopt 32-702] Processed net sys_clk_IBUF. Optimizations did not improve timing on the net.
INFO: [Physopt 32-702] Processed net sys_clk. Optimizations did not improve timing on the net.
INFO: [Physopt 32-619] Estimated Timing Summary | WNS=-0.559 | TNS=-2.808 |
Netlist sorting complete. Time (s): cpu = 00:00:00 ; elapsed = 00:00:00.001 . Memory (MB): peak = 1945.711 ; gain = 0.000
Phase 4 Critical Path Optimization | Checksum: be33dc8d

Time (s): cpu = 00:00:02 ; elapsed = 00:00:02 . Memory (MB): peak = 1945.711 ; gain = 0.000
Netlist sorting complete. Time (s): cpu = 00:00:00 ; elapsed = 00:00:00.001 . Memory (MB): peak = 1945.711 ; gain = 0.000
INFO: [Physopt 32-603] Post Physical Optimization Timing Summary | WNS=-0.559 | TNS=-2.808 |

Summary of Physical Synthesis Optimizations
============================================


-------------------------------------------------------------------------------------------------------------------------------------------------------------
|  Optimization   |  WNS Gain (ns)  |  TNS Gain (ns)  |  Added Cells  |  Removed Cells  |  Optimized Cells/Nets  |  Dont Touch  |  Iterations  |  Elapsed   |
-------------------------------------------------------------------------------------------------------------------------------------------------------------
|  DSP Register   |          0.000  |          0.000  |            0  |              0  |                     0  |           0  |           1  |  00:00:00  |
|  Critical Path  |          0.031  |          0.124  |            0  |              0  |                     4  |           0  |           2  |  00:00:02  |
|  Total          |          0.031  |          0.124  |            0  |              0  |                     4  |           0  |           3  |  00:00:02  |
-------------------------------------------------------------------------------------------------------------------------------------------------------------


Netlist sorting complete. Time (s): cpu = 00:00:00 ; elapsed = 00:00:00.001 . Memory (MB): peak = 1945.711 ; gain = 0.000
Ending Physical Synthesis Task | Checksum: 15eefdf25

Time (s): cpu = 00:00:02 ; elapsed = 00:00:02 . Memory (MB): peak = 1945.711 ; gain = 0.000
INFO: [Common 17-83] Releasing license: Implementation
125 Infos, 2 Warnings, 0 Critical Warnings and 0 Errors encountered.
phys_opt_design completed successfully
INFO: [Timing 38-480] Writing timing data to binary archive.
Write ShapeDB Complete: Time (s): cpu = 00:00:00 ; elapsed = 00:00:00.004 . Memory (MB): peak = 1957.414 ; gain = 0.012
Wrote PlaceDB: Time (s): cpu = 00:00:01 ; elapsed = 00:00:00.060 . Memory (MB): peak = 1957.414 ; gain = 0.000
Wrote PulsedLatchDB: Time (s): cpu = 00:00:00 ; elapsed = 00:00:00 . Memory (MB): peak = 1957.414 ; gain = 0.000
Writing XDEF routing.
Writing XDEF routing logical nets.
Writing XDEF routing special nets.
Wrote RouteStorage: Time (s): cpu = 00:00:00 ; elapsed = 00:00:00.020 . Memory (MB): peak = 1957.414 ; gain = 0.000
Wrote Netlist Cache: Time (s): cpu = 00:00:00 ; elapsed = 00:00:00.003 . Memory (MB): peak = 1957.414 ; gain = 0.000
Wrote Device Cache: Time (s): cpu = 00:00:00 ; elapsed = 00:00:00.006 . Memory (MB): peak = 1957.414 ; gain = 0.000
Write Physdb Complete: Time (s): cpu = 00:00:01 ; elapsed = 00:00:00.097 . Memory (MB): peak = 1957.414 ; gain = 0.012
INFO: [Common 17-1381] The checkpoint 'C:/Users/Dennis Wong/Documents/FPGA_Projects/I2C_Controller/I2C_Controller/I2C_Controller.runs/impl_1/top_module_physopt.dcp' has been generated.
Command: route_design
Attempting to get a license for feature 'Implementation' and/or device 'xc7a35t'
INFO: [Common 17-349] Got license for feature 'Implementation' and/or device 'xc7a35t'
Running DRC as a precondition to command route_design
INFO: [DRC 23-27] Running DRC with 2 threads
INFO: [Vivado_Tcl 4-198] DRC finished with 0 Errors
INFO: [Vivado_Tcl 4-199] Please refer to the DRC report (report_drc) for more information.


Starting Routing Task
INFO: [Route 35-254] Multithreading enabled for route_design using a maximum of 8 CPUs

Phase 1 Build RT Design
Checksum: PlaceDB: d32c5136 ConstDB: 0 ShapeSum: 5b01cbfa RouteDB: 0
Post Restoration Checksum: NetGraph: 80c9e23b | NumContArr: 46589c54 | Constraints: c2a8fa9d | Timing: c2a8fa9d
Phase 1 Build RT Design | Checksum: 24c7473c9

Time (s): cpu = 00:00:25 ; elapsed = 00:00:23 . Memory (MB): peak = 2066.688 ; gain = 98.152

Phase 2 Router Initialization

Phase 2.1 Fix Topology Constraints
Phase 2.1 Fix Topology Constraints | Checksum: 24c7473c9

Time (s): cpu = 00:00:25 ; elapsed = 00:00:23 . Memory (MB): peak = 2066.824 ; gain = 98.289

Phase 2.2 Pre Route Cleanup
Phase 2.2 Pre Route Cleanup | Checksum: 24c7473c9

Time (s): cpu = 00:00:25 ; elapsed = 00:00:23 . Memory (MB): peak = 2066.824 ; gain = 98.289
 Number of Nodes with overlaps = 0

Phase 2.3 Update Timing
Phase 2.3 Update Timing | Checksum: 3153a5cf3

Time (s): cpu = 00:00:25 ; elapsed = 00:00:23 . Memory (MB): peak = 2105.195 ; gain = 136.660
INFO: [Route 35-416] Intermediate Timing Summary | WNS=-0.437 | TNS=-2.104 | WHS=-0.064 | THS=-0.306 |


Router Utilization Summary
  Global Vertical Routing Utilization    = 0.00661724 %
  Global Horizontal Routing Utilization  = 0.00442478 %
  Routable Net Status*
  *Does not include unroutable nets such as driverless and loadless.
  Run report_route_status for detailed report.
  Number of Failed Nets               = 458
    (Failed Nets is the sum of unrouted and partially routed nets)
  Number of Unrouted Nets             = 441
  Number of Partially Routed Nets     = 17
  Number of Node Overlaps             = 113

Phase 2 Router Initialization | Checksum: 2ca7a454e

Time (s): cpu = 00:00:26 ; elapsed = 00:00:23 . Memory (MB): peak = 2114.109 ; gain = 145.574

Phase 3 Initial Routing

Phase 3.1 Global Routing
Phase 3.1 Global Routing | Checksum: 2ca7a454e

Time (s): cpu = 00:00:26 ; elapsed = 00:00:23 . Memory (MB): peak = 2114.109 ; gain = 145.574

Phase 3.2 Initial Net Routing
Phase 3.2 Initial Net Routing | Checksum: 29445191e

Time (s): cpu = 00:00:26 ; elapsed = 00:00:23 . Memory (MB): peak = 2114.109 ; gain = 145.574
Phase 3 Initial Routing | Checksum: 29445191e

Time (s): cpu = 00:00:26 ; elapsed = 00:00:23 . Memory (MB): peak = 2114.109 ; gain = 145.574
INFO: [Route 35-580] Design has 1 pins with tight setup and hold constraints.

The top 5 pins with tight setup and hold constraints:

+====================+===================+============================================+
| Launch Setup Clock | Launch Hold Clock | Pin                                        |
+====================+===================+============================================+
| sys_clk_pin        | clk_out1_sys_pll  | i2c_baud_rate_generator/sys_tick_reg_reg/D |
+--------------------+-------------------+--------------------------------------------+

File with complete list of pins: tight_setup_hold_pins.txt


Phase 4 Rip-up And Reroute

Phase 4.1 Global Iteration 0
 Number of Nodes with overlaps = 43
 Number of Nodes with overlaps = 0
INFO: [Route 35-416] Intermediate Timing Summary | WNS=-0.488 | TNS=-2.386 | WHS=N/A    | THS=N/A    |

Phase 4.1 Global Iteration 0 | Checksum: 2686e8a94

Time (s): cpu = 00:00:26 ; elapsed = 00:00:24 . Memory (MB): peak = 2114.109 ; gain = 145.574

Phase 4.2 Global Iteration 1
 Number of Nodes with overlaps = 1
 Number of Nodes with overlaps = 0
INFO: [Route 35-416] Intermediate Timing Summary | WNS=-0.488 | TNS=-2.386 | WHS=N/A    | THS=N/A    |

Phase 4.2 Global Iteration 1 | Checksum: 2176a5e7d

Time (s): cpu = 00:00:26 ; elapsed = 00:00:24 . Memory (MB): peak = 2114.109 ; gain = 145.574
Phase 4 Rip-up And Reroute | Checksum: 2176a5e7d

Time (s): cpu = 00:00:26 ; elapsed = 00:00:24 . Memory (MB): peak = 2114.109 ; gain = 145.574

Phase 5 Delay and Skew Optimization

Phase 5.1 Delay CleanUp

Phase 5.1.1 Update Timing
Phase 5.1.1 Update Timing | Checksum: 223b1f59b

Time (s): cpu = 00:00:26 ; elapsed = 00:00:24 . Memory (MB): peak = 2114.109 ; gain = 145.574
INFO: [Route 35-416] Intermediate Timing Summary | WNS=-0.488 | TNS=-2.386 | WHS=N/A    | THS=N/A    |

 Number of Nodes with overlaps = 0
Phase 5.1 Delay CleanUp | Checksum: 3398f49c8

Time (s): cpu = 00:00:27 ; elapsed = 00:00:24 . Memory (MB): peak = 2114.109 ; gain = 145.574

Phase 5.2 Clock Skew Optimization
Phase 5.2 Clock Skew Optimization | Checksum: 3398f49c8

Time (s): cpu = 00:00:27 ; elapsed = 00:00:24 . Memory (MB): peak = 2114.109 ; gain = 145.574
Phase 5 Delay and Skew Optimization | Checksum: 3398f49c8

Time (s): cpu = 00:00:27 ; elapsed = 00:00:24 . Memory (MB): peak = 2114.109 ; gain = 145.574

Phase 6 Post Hold Fix

Phase 6.1 Hold Fix Iter

Phase 6.1.1 Update Timing
Phase 6.1.1 Update Timing | Checksum: 295d95015

Time (s): cpu = 00:00:27 ; elapsed = 00:00:24 . Memory (MB): peak = 2114.109 ; gain = 145.574
INFO: [Route 35-416] Intermediate Timing Summary | WNS=-0.476 | TNS=-2.313 | WHS=0.235  | THS=0.000  |

Phase 6.1 Hold Fix Iter | Checksum: 295d95015

Time (s): cpu = 00:00:27 ; elapsed = 00:00:24 . Memory (MB): peak = 2114.109 ; gain = 145.574
Phase 6 Post Hold Fix | Checksum: 295d95015

Time (s): cpu = 00:00:27 ; elapsed = 00:00:24 . Memory (MB): peak = 2114.109 ; gain = 145.574

Phase 7 Route finalize

Router Utilization Summary
  Global Vertical Routing Utilization    = 0.177788 %
  Global Horizontal Routing Utilization  = 0.165669 %
  Routable Net Status*
  *Does not include unroutable nets such as driverless and loadless.
  Run report_route_status for detailed report.
  Number of Failed Nets               = 0
    (Failed Nets is the sum of unrouted and partially routed nets)
  Number of Unrouted Nets             = 0
  Number of Partially Routed Nets     = 0
  Number of Node Overlaps             = 0


--GLOBAL Congestion:
Utilization threshold used for congestion level computation: 0.85
Congestion Report
North Dir 1x1 Area, Max Cong = 21.6216%, No Congested Regions.
South Dir 1x1 Area, Max Cong = 21.6216%, No Congested Regions.
East Dir 1x1 Area, Max Cong = 32.3529%, No Congested Regions.
West Dir 1x1 Area, Max Cong = 20.5882%, No Congested Regions.

------------------------------
Reporting congestion hotspots
------------------------------
Direction: North
----------------
Congested clusters found at Level 0
Effective congestion level: 0 Aspect Ratio: 1 Sparse Ratio: 0
Direction: South
----------------
Congested clusters found at Level 0
Effective congestion level: 0 Aspect Ratio: 1 Sparse Ratio: 0
Direction: East
----------------
Congested clusters found at Level 0
Effective congestion level: 0 Aspect Ratio: 1 Sparse Ratio: 0
Direction: West
----------------
Congested clusters found at Level 0
Effective congestion level: 0 Aspect Ratio: 1 Sparse Ratio: 0

Phase 7 Route finalize | Checksum: 295d95015

Time (s): cpu = 00:00:27 ; elapsed = 00:00:24 . Memory (MB): peak = 2114.109 ; gain = 145.574

Phase 8 Verifying routed nets

 Verification completed successfully
Phase 8 Verifying routed nets | Checksum: 295d95015

Time (s): cpu = 00:00:27 ; elapsed = 00:00:24 . Memory (MB): peak = 2114.109 ; gain = 145.574

Phase 9 Depositing Routes
Phase 9 Depositing Routes | Checksum: 2713f49ed

Time (s): cpu = 00:00:27 ; elapsed = 00:00:24 . Memory (MB): peak = 2114.109 ; gain = 145.574

Phase 10 Post Router Timing
INFO: [Route 35-57] Estimated Timing Summary | WNS=-0.476 | TNS=-2.313 | WHS=0.235  | THS=0.000  |

WARNING: [Route 35-328] Router estimated timing not met.
Resolution: For a complete and accurate timing signoff, report_timing_summary must be run after route_design. Alternatively, route_design can be run with the -timing_summary option to enable a complete timing signoff at the end of route_design.
Phase 10 Post Router Timing | Checksum: 2713f49ed

Time (s): cpu = 00:00:27 ; elapsed = 00:00:24 . Memory (MB): peak = 2114.109 ; gain = 145.574
INFO: [Route 35-16] Router Completed Successfully

Phase 11 Post-Route Event Processing
Phase 11 Post-Route Event Processing | Checksum: f6ff11cd

Time (s): cpu = 00:00:27 ; elapsed = 00:00:24 . Memory (MB): peak = 2114.109 ; gain = 145.574
Ending Routing Task | Checksum: f6ff11cd

Time (s): cpu = 00:00:27 ; elapsed = 00:00:24 . Memory (MB): peak = 2114.109 ; gain = 145.574

Routing Is Done.
INFO: [Common 17-83] Releasing license: Implementation
141 Infos, 3 Warnings, 0 Critical Warnings and 0 Errors encountered.
route_design completed successfully
route_design: Time (s): cpu = 00:00:28 ; elapsed = 00:00:25 . Memory (MB): peak = 2114.109 ; gain = 156.695
INFO: [runtcl-4] Executing : report_drc -file top_module_drc_routed.rpt -pb top_module_drc_routed.pb -rpx top_module_drc_routed.rpx
Command: report_drc -file top_module_drc_routed.rpt -pb top_module_drc_routed.pb -rpx top_module_drc_routed.rpx
INFO: [IP_Flow 19-1839] IP Catalog is up to date.
INFO: [DRC 23-27] Running DRC with 2 threads
INFO: [Vivado_Tcl 2-168] The results of DRC are in file C:/Users/Dennis Wong/Documents/FPGA_Projects/I2C_Controller/I2C_Controller/I2C_Controller.runs/impl_1/top_module_drc_routed.rpt.
report_drc completed successfully
INFO: [runtcl-4] Executing : report_methodology -file top_module_methodology_drc_routed.rpt -pb top_module_methodology_drc_routed.pb -rpx top_module_methodology_drc_routed.rpx
Command: report_methodology -file top_module_methodology_drc_routed.rpt -pb top_module_methodology_drc_routed.pb -rpx top_module_methodology_drc_routed.rpx
INFO: [Timing 38-35] Done setting XDC timing constraints.
INFO: [DRC 23-133] Running Methodology with 2 threads
INFO: [Vivado_Tcl 2-1520] The results of Report Methodology are in file C:/Users/Dennis Wong/Documents/FPGA_Projects/I2C_Controller/I2C_Controller/I2C_Controller.runs/impl_1/top_module_methodology_drc_routed.rpt.
report_methodology completed successfully
INFO: [runtcl-4] Executing : report_power -file top_module_power_routed.rpt -pb top_module_power_summary_routed.pb -rpx top_module_power_routed.rpx
Command: report_power -file top_module_power_routed.rpt -pb top_module_power_summary_routed.pb -rpx top_module_power_routed.rpx
INFO: [Timing 38-35] Done setting XDC timing constraints.
Running Vector-less Activity Propagation...

Finished Running Vector-less Activity Propagation
151 Infos, 3 Warnings, 0 Critical Warnings and 0 Errors encountered.
report_power completed successfully
INFO: [runtcl-4] Executing : report_route_status -file top_module_route_status.rpt -pb top_module_route_status.pb
INFO: [runtcl-4] Executing : report_timing_summary -max_paths 10 -report_unconstrained -file top_module_timing_summary_routed.rpt -pb top_module_timing_summary_routed.pb -rpx top_module_timing_summary_routed.rpx -warn_on_violation 
INFO: [Timing 38-91] UpdateTimingParams: Speed grade: -1, Delay Type: min_max.
INFO: [Timing 38-191] Multithreading enabled for timing update using a maximum of 2 CPUs
CRITICAL WARNING: [Timing 38-282] The design failed to meet the timing requirements. Please see the timing summary report for details on the timing violations.
INFO: [runtcl-4] Executing : report_incremental_reuse -file top_module_incremental_reuse_routed.rpt
INFO: [Vivado_Tcl 4-1062] Incremental flow is disabled. No incremental reuse Info to report.
INFO: [runtcl-4] Executing : report_clock_utilization -file top_module_clock_utilization_routed.rpt
INFO: [runtcl-4] Executing : report_bus_skew -warn_on_violation -file top_module_bus_skew_routed.rpt -pb top_module_bus_skew_routed.pb -rpx top_module_bus_skew_routed.rpx
INFO: [Timing 38-91] UpdateTimingParams: Speed grade: -1, Delay Type: min_max.
INFO: [Timing 38-191] Multithreading enabled for timing update using a maximum of 2 CPUs
INFO: [Timing 38-480] Writing timing data to binary archive.
Write ShapeDB Complete: Time (s): cpu = 00:00:00 ; elapsed = 00:00:00.002 . Memory (MB): peak = 2114.711 ; gain = 0.000
Wrote PlaceDB: Time (s): cpu = 00:00:00 ; elapsed = 00:00:00.050 . Memory (MB): peak = 2114.711 ; gain = 0.000
Wrote PulsedLatchDB: Time (s): cpu = 00:00:00 ; elapsed = 00:00:00 . Memory (MB): peak = 2114.711 ; gain = 0.000
Writing XDEF routing.
Writing XDEF routing logical nets.
Writing XDEF routing special nets.
Wrote RouteStorage: Time (s): cpu = 00:00:00 ; elapsed = 00:00:00.030 . Memory (MB): peak = 2114.711 ; gain = 0.000
Wrote Netlist Cache: Time (s): cpu = 00:00:00 ; elapsed = 00:00:00.002 . Memory (MB): peak = 2114.711 ; gain = 0.000
Wrote Device Cache: Time (s): cpu = 00:00:00 ; elapsed = 00:00:00.010 . Memory (MB): peak = 2114.711 ; gain = 0.000
Write Physdb Complete: Time (s): cpu = 00:00:00 ; elapsed = 00:00:00.100 . Memory (MB): peak = 2114.711 ; gain = 0.000
INFO: [Common 17-1381] The checkpoint 'C:/Users/Dennis Wong/Documents/FPGA_Projects/I2C_Controller/I2C_Controller/I2C_Controller.runs/impl_1/top_module_routed.dcp' has been generated.
Command: write_bitstream -force top_module.bit
Attempting to get a license for feature 'Implementation' and/or device 'xc7a35t'
INFO: [Common 17-349] Got license for feature 'Implementation' and/or device 'xc7a35t'
Running DRC as a precondition to command write_bitstream
INFO: [IP_Flow 19-1839] IP Catalog is up to date.
INFO: [DRC 23-27] Running DRC with 2 threads
WARNING: [DRC CFGBVS-1] Missing CFGBVS and CONFIG_VOLTAGE Design Properties: Neither the CFGBVS nor CONFIG_VOLTAGE voltage property is set in the current_design.  Configuration bank voltage select (CFGBVS) must be set to VCCO or GND, and CONFIG_VOLTAGE must be set to the correct configuration voltage, in order to determine the I/O voltage support for the pins in bank 0.  It is suggested to specify these either using the 'Edit Device Properties' function in the GUI or directly in the XDC file using the following syntax:

 set_property CFGBVS value1 [current_design]
 #where value1 is either VCCO or GND

 set_property CONFIG_VOLTAGE value2 [current_design]
 #where value2 is the voltage provided to configuration bank 0

Refer to the device configuration user guide for more information.
WARNING: [DRC PDRC-153] Gated clock check: Net my_i2c_core/command_next__0 is a gated clock net sourced by a combinational pin my_i2c_core/FSM_sequential_command_next_reg_i_1/O, cell my_i2c_core/FSM_sequential_command_next_reg_i_1. This is not good design practice and will likely impact performance. For SLICE registers, for example, use the CE pin to control the loading of data.
WARNING: [DRC PDRC-153] Gated clock check: Net my_i2c_core/i2c_data_storage[0] is a gated clock net sourced by a combinational pin my_i2c_core/i2c_data_storage_reg[0][0]_i_1/O, cell my_i2c_core/i2c_data_storage_reg[0][0]_i_1. This is not good design practice and will likely impact performance. For SLICE registers, for example, use the CE pin to control the loading of data.
WARNING: [DRC PDRC-153] Gated clock check: Net my_i2c_core/i2c_data_storage[1] is a gated clock net sourced by a combinational pin my_i2c_core/i2c_data_storage_reg[0][1]_i_1/O, cell my_i2c_core/i2c_data_storage_reg[0][1]_i_1. This is not good design practice and will likely impact performance. For SLICE registers, for example, use the CE pin to control the loading of data.
WARNING: [DRC PDRC-153] Gated clock check: Net my_i2c_core/i2c_data_storage[2] is a gated clock net sourced by a combinational pin my_i2c_core/i2c_data_storage_reg[0][2]_i_1/O, cell my_i2c_core/i2c_data_storage_reg[0][2]_i_1. This is not good design practice and will likely impact performance. For SLICE registers, for example, use the CE pin to control the loading of data.
WARNING: [DRC PDRC-153] Gated clock check: Net my_i2c_core/i2c_data_storage[3] is a gated clock net sourced by a combinational pin my_i2c_core/i2c_data_storage_reg[0][3]_i_1/O, cell my_i2c_core/i2c_data_storage_reg[0][3]_i_1. This is not good design practice and will likely impact performance. For SLICE registers, for example, use the CE pin to control the loading of data.
WARNING: [DRC PDRC-153] Gated clock check: Net my_i2c_core/i2c_data_storage[4] is a gated clock net sourced by a combinational pin my_i2c_core/i2c_data_storage_reg[0][4]_i_1/O, cell my_i2c_core/i2c_data_storage_reg[0][4]_i_1. This is not good design practice and will likely impact performance. For SLICE registers, for example, use the CE pin to control the loading of data.
WARNING: [DRC PDRC-153] Gated clock check: Net my_i2c_core/i2c_data_storage[5] is a gated clock net sourced by a combinational pin my_i2c_core/i2c_data_storage_reg[0][5]_i_1/O, cell my_i2c_core/i2c_data_storage_reg[0][5]_i_1. This is not good design practice and will likely impact performance. For SLICE registers, for example, use the CE pin to control the loading of data.
WARNING: [DRC PDRC-153] Gated clock check: Net my_i2c_core/i2c_data_storage[6] is a gated clock net sourced by a combinational pin my_i2c_core/i2c_data_storage_reg[0][6]_i_1/O, cell my_i2c_core/i2c_data_storage_reg[0][6]_i_1. This is not good design practice and will likely impact performance. For SLICE registers, for example, use the CE pin to control the loading of data.
WARNING: [DRC PDRC-153] Gated clock check: Net my_i2c_core/i2c_data_storage[7] is a gated clock net sourced by a combinational pin my_i2c_core/i2c_data_storage_reg[0][7]_i_1/O, cell my_i2c_core/i2c_data_storage_reg[0][7]_i_1. This is not good design practice and will likely impact performance. For SLICE registers, for example, use the CE pin to control the loading of data.
WARNING: [DRC PDRC-153] Gated clock check: Net my_i2c_core/i2c_data_storage_reg[1][0]_i_1_n_0 is a gated clock net sourced by a combinational pin my_i2c_core/i2c_data_storage_reg[1][0]_i_1/O, cell my_i2c_core/i2c_data_storage_reg[1][0]_i_1. This is not good design practice and will likely impact performance. For SLICE registers, for example, use the CE pin to control the loading of data.
WARNING: [DRC PDRC-153] Gated clock check: Net my_i2c_core/i2c_data_storage_reg[1][1]_i_1_n_0 is a gated clock net sourced by a combinational pin my_i2c_core/i2c_data_storage_reg[1][1]_i_1/O, cell my_i2c_core/i2c_data_storage_reg[1][1]_i_1. This is not good design practice and will likely impact performance. For SLICE registers, for example, use the CE pin to control the loading of data.
WARNING: [DRC PDRC-153] Gated clock check: Net my_i2c_core/i2c_data_storage_reg[1][2]_i_1_n_0 is a gated clock net sourced by a combinational pin my_i2c_core/i2c_data_storage_reg[1][2]_i_1/O, cell my_i2c_core/i2c_data_storage_reg[1][2]_i_1. This is not good design practice and will likely impact performance. For SLICE registers, for example, use the CE pin to control the loading of data.
WARNING: [DRC PDRC-153] Gated clock check: Net my_i2c_core/i2c_data_storage_reg[1][3]_i_1_n_0 is a gated clock net sourced by a combinational pin my_i2c_core/i2c_data_storage_reg[1][3]_i_1/O, cell my_i2c_core/i2c_data_storage_reg[1][3]_i_1. This is not good design practice and will likely impact performance. For SLICE registers, for example, use the CE pin to control the loading of data.
WARNING: [DRC PDRC-153] Gated clock check: Net my_i2c_core/i2c_data_storage_reg[1][4]_i_1_n_0 is a gated clock net sourced by a combinational pin my_i2c_core/i2c_data_storage_reg[1][4]_i_1/O, cell my_i2c_core/i2c_data_storage_reg[1][4]_i_1. This is not good design practice and will likely impact performance. For SLICE registers, for example, use the CE pin to control the loading of data.
WARNING: [DRC PDRC-153] Gated clock check: Net my_i2c_core/i2c_data_storage_reg[1][5]_i_1_n_0 is a gated clock net sourced by a combinational pin my_i2c_core/i2c_data_storage_reg[1][5]_i_1/O, cell my_i2c_core/i2c_data_storage_reg[1][5]_i_1. This is not good design practice and will likely impact performance. For SLICE registers, for example, use the CE pin to control the loading of data.
WARNING: [DRC PDRC-153] Gated clock check: Net my_i2c_core/i2c_data_storage_reg[1][6]_i_1_n_0 is a gated clock net sourced by a combinational pin my_i2c_core/i2c_data_storage_reg[1][6]_i_1/O, cell my_i2c_core/i2c_data_storage_reg[1][6]_i_1. This is not good design practice and will likely impact performance. For SLICE registers, for example, use the CE pin to control the loading of data.
WARNING: [DRC PDRC-153] Gated clock check: Net my_i2c_core/i2c_data_storage_reg[1][7]_i_1_n_0 is a gated clock net sourced by a combinational pin my_i2c_core/i2c_data_storage_reg[1][7]_i_1/O, cell my_i2c_core/i2c_data_storage_reg[1][7]_i_1. This is not good design practice and will likely impact performance. For SLICE registers, for example, use the CE pin to control the loading of data.
WARNING: [DRC PDRC-153] Gated clock check: Net my_seven_segment_core/seg_reg_reg[6]_i_2_n_0 is a gated clock net sourced by a combinational pin my_seven_segment_core/seg_reg_reg[6]_i_2/O, cell my_seven_segment_core/seg_reg_reg[6]_i_2. This is not good design practice and will likely impact performance. For SLICE registers, for example, use the CE pin to control the loading of data.
INFO: [Vivado 12-3199] DRC finished with 0 Errors, 19 Warnings
INFO: [Vivado 12-3200] Please refer to the DRC report (report_drc) for more information.
INFO: [Designutils 20-2272] Running write_bitstream with 2 threads.
Loading data files...
Loading site data...
Loading route data...
Processing options...
Creating bitmap...
Creating bitstream...
Writing bitstream ./top_module.bit...
INFO: [Vivado 12-1842] Bitgen Completed Successfully.
INFO: [Project 1-1876] WebTalk data collection is mandatory when using a ULT device. To see the specific WebTalk data collected for your design, open the usage_statistics_webtalk.html or usage_statistics_webtalk.xml file in the implementation directory.
INFO: [Common 17-83] Releasing license: Implementation
14 Infos, 19 Warnings, 0 Critical Warnings and 0 Errors encountered.
write_bitstream completed successfully
write_bitstream: Time (s): cpu = 00:00:15 ; elapsed = 00:00:13 . Memory (MB): peak = 2532.906 ; gain = 418.195
INFO: [Common 17-206] Exiting Vivado at Sun Aug 23 10:12:13 2026...
