Copyright 1986-2022 Xilinx, Inc. All Rights Reserved. Copyright 2022-2023 Advanced Micro Devices, Inc. All Rights Reserved.
---------------------------------------------------------------------------------------------------------------------------------------------
| Tool Version : Vivado v.2023.2 (win64) Build 4029153 Fri Oct 13 20:14:34 MDT 2023
| Date         : Wed Aug 19 23:47:28 2026
| Host         : DennisE16 running 64-bit major release  (build 9200)
| Command      : report_control_sets -verbose -file top_module_control_sets_placed.rpt
| Design       : top_module
| Device       : xc7a35t
---------------------------------------------------------------------------------------------------------------------------------------------

Control Set Information

Table of Contents
-----------------
1. Summary
2. Histogram
3. Flip-Flop Distribution
4. Detailed Control Set Information

1. Summary
----------

+----------------------------------------------------------+-------+
|                          Status                          | Count |
+----------------------------------------------------------+-------+
| Total control sets                                       |    25 |
|    Minimum number of control sets                        |    25 |
|    Addition due to synthesis replication                 |     0 |
|    Addition due to physical synthesis replication        |     0 |
| Unused register locations in slices containing registers |   156 |
+----------------------------------------------------------+-------+
* Control sets can be merged at opt_design using control_set_merge or merge_equivalent_drivers
** Run report_qor_suggestions for automated merging and remapping suggestions


2. Histogram
------------

+--------------------+-------+
|       Fanout       | Count |
+--------------------+-------+
| Total control sets |    25 |
| >= 0 to < 4        |    19 |
| >= 4 to < 6        |     3 |
| >= 6 to < 8        |     1 |
| >= 8 to < 10       |     0 |
| >= 10 to < 12      |     0 |
| >= 12 to < 14      |     0 |
| >= 14 to < 16      |     0 |
| >= 16              |     2 |
+--------------------+-------+
* Control sets can be remapped at either synth_design or opt_design


3. Flip-Flop Distribution
-------------------------

+--------------+-----------------------+------------------------+-----------------+--------------+
| Clock Enable | Synchronous Set/Reset | Asynchronous Set/Reset | Total Registers | Total Slices |
+--------------+-----------------------+------------------------+-----------------+--------------+
| No           | No                    | No                     |              18 |           18 |
| No           | No                    | Yes                    |               0 |            0 |
| No           | Yes                   | No                     |              11 |            5 |
| Yes          | No                    | No                     |               0 |            0 |
| Yes          | No                    | Yes                    |               0 |            0 |
| Yes          | Yes                   | No                     |              47 |           15 |
+--------------+-----------------------+------------------------+-----------------+--------------+


4. Detailed Control Set Information
-----------------------------------

+-------------------------------------------------+---------------------------------------------+------------------------------------------------+------------------+----------------+--------------+
|                   Clock Signal                  |                Enable Signal                |                Set/Reset Signal                | Slice Load Count | Bel Load Count | Bels / Slice |
+-------------------------------------------------+---------------------------------------------+------------------------------------------------+------------------+----------------+--------------+
|  clock_40mhz/inst/clk_out1                      |                                             |                                                |                1 |              1 |         1.00 |
|  my_i2c_core/command_next__0                    |                                             |                                                |                1 |              1 |         1.00 |
|  my_i2c_core/i2c_data_storage_reg[1][2]_i_1_n_0 |                                             |                                                |                1 |              1 |         1.00 |
|  my_i2c_core/i2c_data_storage_reg[1][6]_i_1_n_0 |                                             |                                                |                1 |              1 |         1.00 |
|  my_i2c_core/i2c_data_storage_reg[1][5]_i_1_n_0 |                                             |                                                |                1 |              1 |         1.00 |
|  my_i2c_core/i2c_data_storage_reg[1][7]_i_1_n_0 |                                             |                                                |                1 |              1 |         1.00 |
|  my_i2c_core/i2c_data_storage_reg[1][3]_i_1_n_0 |                                             |                                                |                1 |              1 |         1.00 |
|  my_i2c_core/i2c_data_storage_reg[1][0]_i_1_n_0 |                                             |                                                |                1 |              1 |         1.00 |
|  my_i2c_core/i2c_data_storage_reg[1][4]_i_1_n_0 |                                             |                                                |                1 |              1 |         1.00 |
|  my_i2c_core/i2c_data_storage_reg[1][1]_i_1_n_0 |                                             |                                                |                1 |              1 |         1.00 |
|  my_i2c_core/i2c_data_storage[4]                |                                             |                                                |                1 |              1 |         1.00 |
|  my_i2c_core/i2c_data_storage[6]                |                                             |                                                |                1 |              1 |         1.00 |
|  my_i2c_core/i2c_data_storage[2]                |                                             |                                                |                1 |              1 |         1.00 |
|  my_i2c_core/i2c_data_storage[5]                |                                             |                                                |                1 |              1 |         1.00 |
|  my_i2c_core/i2c_data_storage[7]                |                                             |                                                |                1 |              1 |         1.00 |
|  my_i2c_core/i2c_data_storage[3]                |                                             |                                                |                1 |              1 |         1.00 |
|  my_i2c_core/i2c_data_storage[1]                |                                             |                                                |                1 |              1 |         1.00 |
|  my_i2c_core/i2c_data_storage[0]                |                                             |                                                |                1 |              1 |         1.00 |
|  i2c_sys_tick_BUFG                              | my_i2c_core/i2c_sclk_reg_now_i_1_n_0        | my_i2c_core/SR[0]                              |                1 |              1 |         1.00 |
|  clock_40mhz/inst/clk_out1                      |                                             | i2c_baud_rate_generator/counterTick[0]_i_1_n_0 |                2 |              5 |         2.50 |
|  i2c_sys_tick_BUFG                              | my_i2c_core/dataBit_now[4]_i_1_n_0          | my_i2c_core/SR[0]                              |                2 |              5 |         2.50 |
|  i2c_sys_tick_BUFG                              | my_i2c_core/dataByte_now[4]_i_1_n_0         | my_i2c_core/SR[0]                              |                1 |              5 |         5.00 |
|  i2c_sys_tick_BUFG                              |                                             | my_i2c_core/SR[0]                              |                3 |              6 |         2.00 |
|  i2c_sys_tick_BUFG                              | my_i2c_core/FSM_onehot_stateNow[16]_i_1_n_0 | my_i2c_core/SR[0]                              |                4 |             17 |         4.25 |
|  i2c_sys_tick_BUFG                              | my_i2c_core/delayCountNext                  | my_i2c_core/SR[0]                              |                7 |             19 |         2.71 |
+-------------------------------------------------+---------------------------------------------+------------------------------------------------+------------------+----------------+--------------+


