
*** Running vivado
    with args -log Top_Module.vds -m64 -product Vivado -mode batch -messageDb vivado.pb -notrace -source Top_Module.tcl


ECHO is off.
ECHO is off.

****** Vivado v2023.2 (64-bit)
  **** SW Build 4029153 on Fri Oct 13 20:14:34 MDT 2023
  **** IP Build 4028589 on Sat Oct 14 00:45:43 MDT 2023
  **** SharedData Build 4025554 on Tue Oct 10 17:18:54 MDT 2023
    ** Copyright 1986-2022 Xilinx, Inc. All Rights Reserved.
    ** Copyright 2022-2023 Advanced Micro Devices, Inc. All Rights Reserved.

source Top_Module.tcl -notrace
Command: read_checkpoint -auto_incremental -incremental {C:/Users/Dennis Wong/Documents/FPGA_Projects/I2C_Controller/I2C_Controller/I2C_Controller.srcs/utils_1/imports/synth_1/Top_Module.dcp}
INFO: [Vivado 12-5825] Read reference checkpoint from C:/Users/Dennis Wong/Documents/FPGA_Projects/I2C_Controller/I2C_Controller/I2C_Controller.srcs/utils_1/imports/synth_1/Top_Module.dcp for incremental synthesis
INFO: [Vivado 12-7989] Please ensure there are no constraint changes
Command: synth_design -top Top_Module -part xc7a35tcpg236-1
Starting synth_design
Attempting to get a license for feature 'Synthesis' and/or device 'xc7a35t'
INFO: [Common 17-349] Got license for feature 'Synthesis' and/or device 'xc7a35t'
INFO: [Device 21-403] Loading part xc7a35tcpg236-1
INFO: [Designutils 20-5440] No compile time benefit to using incremental synthesis; A full resynthesis will be run
INFO: [Designutils 20-4379] Flow is switching to default flow due to incremental criteria not met. If you would like to alter this behaviour and have the flow terminate instead, please set the following parameter config_implementation {autoIncr.Synth.RejectBehavior Terminate}
INFO: [Synth 8-7079] Multithreading enabled for synth_design using a maximum of 2 processes.
INFO: [Synth 8-7078] Launching helper process for spawning children vivado processes
INFO: [Synth 8-7075] Helper process launched with PID 9496
---------------------------------------------------------------------------------
Starting RTL Elaboration : Time (s): cpu = 00:00:04 ; elapsed = 00:00:04 . Memory (MB): peak = 1310.672 ; gain = 439.773
---------------------------------------------------------------------------------
INFO: [Synth 8-6157] synthesizing module 'Top_Module' [C:/Users/Dennis Wong/Documents/FPGA_Projects/I2C_Controller/I2C_Controller/I2C_Controller.srcs/sources_1/new/Top_Module.sv:5]
INFO: [Synth 8-6157] synthesizing module 'sys_pll' [C:/Users/Dennis Wong/Documents/FPGA_Projects/I2C_Controller/I2C_Controller/I2C_Controller.runs/synth_1/.Xil/Vivado-23148-DennisE16/realtime/sys_pll_stub.v:6]
INFO: [Synth 8-6155] done synthesizing module 'sys_pll' (0#1) [C:/Users/Dennis Wong/Documents/FPGA_Projects/I2C_Controller/I2C_Controller/I2C_Controller.runs/synth_1/.Xil/Vivado-23148-DennisE16/realtime/sys_pll_stub.v:6]
INFO: [Synth 8-6157] synthesizing module 'baud_rate_generator' [C:/Users/Dennis Wong/Documents/FPGA_Projects/I2C_Controller/I2C_Controller/I2C_Controller.srcs/sources_1/new/baud_rate_generator.sv:5]
INFO: [Synth 8-6155] done synthesizing module 'baud_rate_generator' (0#1) [C:/Users/Dennis Wong/Documents/FPGA_Projects/I2C_Controller/I2C_Controller/I2C_Controller.srcs/sources_1/new/baud_rate_generator.sv:5]
INFO: [Synth 8-6157] synthesizing module 'I2C_Controller' [C:/Users/Dennis Wong/Documents/FPGA_Projects/I2C_Controller/I2C_Controller/I2C_Controller.srcs/sources_1/new/I2C_Controller.sv:3]
INFO: [Synth 8-6155] done synthesizing module 'I2C_Controller' (0#1) [C:/Users/Dennis Wong/Documents/FPGA_Projects/I2C_Controller/I2C_Controller/I2C_Controller.srcs/sources_1/new/I2C_Controller.sv:3]
INFO: [Synth 8-6155] done synthesizing module 'Top_Module' (0#1) [C:/Users/Dennis Wong/Documents/FPGA_Projects/I2C_Controller/I2C_Controller/I2C_Controller.srcs/sources_1/new/Top_Module.sv:5]
---------------------------------------------------------------------------------
Finished RTL Elaboration : Time (s): cpu = 00:00:05 ; elapsed = 00:00:05 . Memory (MB): peak = 1420.133 ; gain = 549.234
---------------------------------------------------------------------------------
---------------------------------------------------------------------------------
Start Handling Custom Attributes
---------------------------------------------------------------------------------
---------------------------------------------------------------------------------
Finished Handling Custom Attributes : Time (s): cpu = 00:00:05 ; elapsed = 00:00:05 . Memory (MB): peak = 1420.133 ; gain = 549.234
---------------------------------------------------------------------------------
---------------------------------------------------------------------------------
Finished RTL Optimization Phase 1 : Time (s): cpu = 00:00:05 ; elapsed = 00:00:05 . Memory (MB): peak = 1420.133 ; gain = 549.234
---------------------------------------------------------------------------------
Netlist sorting complete. Time (s): cpu = 00:00:00 ; elapsed = 00:00:00.002 . Memory (MB): peak = 1420.133 ; gain = 0.000
INFO: [Project 1-570] Preparing netlist for logic optimization

Processing XDC Constraints
Initializing timing engine
Parsing XDC File [c:/Users/Dennis Wong/Documents/FPGA_Projects/I2C_Controller/I2C_Controller/I2C_Controller.gen/sources_1/ip/sys_pll/sys_pll/sys_pll_in_context.xdc] for cell 'clock_40mhz'
Finished Parsing XDC File [c:/Users/Dennis Wong/Documents/FPGA_Projects/I2C_Controller/I2C_Controller/I2C_Controller.gen/sources_1/ip/sys_pll/sys_pll/sys_pll_in_context.xdc] for cell 'clock_40mhz'
Parsing XDC File [C:/Users/Dennis Wong/Documents/FPGA_Projects/I2C_Controller/I2C_Controller/I2C_Controller.srcs/constrs_1/new/my_constraints.xdc]
Finished Parsing XDC File [C:/Users/Dennis Wong/Documents/FPGA_Projects/I2C_Controller/I2C_Controller/I2C_Controller.srcs/constrs_1/new/my_constraints.xdc]
INFO: [Project 1-236] Implementation specific constraints were found while reading constraint file [C:/Users/Dennis Wong/Documents/FPGA_Projects/I2C_Controller/I2C_Controller/I2C_Controller.srcs/constrs_1/new/my_constraints.xdc]. These constraints will be ignored for synthesis but will be used in implementation. Impacted constraints are listed in the file [.Xil/Top_Module_propImpl.xdc].
Resolution: To avoid this warning, move constraints listed in [.Xil/Top_Module_propImpl.xdc] to another XDC file and exclude this new file from synthesis with the used_in_synthesis property (File Properties dialog in GUI) and re-run elaboration/synthesis.
Completed Processing XDC Constraints

Netlist sorting complete. Time (s): cpu = 00:00:00 ; elapsed = 00:00:00 . Memory (MB): peak = 1458.262 ; gain = 0.000
INFO: [Project 1-111] Unisim Transformation Summary:
No Unisim elements were transformed.

Access is denied.
Constraint Validation Runtime : Time (s): cpu = 00:00:00 ; elapsed = 00:00:00.003 . Memory (MB): peak = 1458.262 ; gain = 0.000
INFO: [Designutils 20-5440] No compile time benefit to using incremental synthesis; A full resynthesis will be run
INFO: [Designutils 20-4379] Flow is switching to default flow due to incremental criteria not met. If you would like to alter this behaviour and have the flow terminate instead, please set the following parameter config_implementation {autoIncr.Synth.RejectBehavior Terminate}
---------------------------------------------------------------------------------
Finished Constraint Validation : Time (s): cpu = 00:00:11 ; elapsed = 00:00:11 . Memory (MB): peak = 1458.262 ; gain = 587.363
---------------------------------------------------------------------------------
---------------------------------------------------------------------------------
Start Loading Part and Timing Information
---------------------------------------------------------------------------------
Loading part: xc7a35tcpg236-1
---------------------------------------------------------------------------------
Finished Loading Part and Timing Information : Time (s): cpu = 00:00:11 ; elapsed = 00:00:11 . Memory (MB): peak = 1458.262 ; gain = 587.363
---------------------------------------------------------------------------------
---------------------------------------------------------------------------------
Start Applying 'set_property' XDC Constraints
---------------------------------------------------------------------------------
Applied set_property IO_BUFFER_TYPE = NONE for sys_clk. (constraint file  {c:/Users/Dennis Wong/Documents/FPGA_Projects/I2C_Controller/I2C_Controller/I2C_Controller.gen/sources_1/ip/sys_pll/sys_pll/sys_pll_in_context.xdc}, line 3).
Applied set_property CLOCK_BUFFER_TYPE = NONE for sys_clk. (constraint file  {c:/Users/Dennis Wong/Documents/FPGA_Projects/I2C_Controller/I2C_Controller/I2C_Controller.gen/sources_1/ip/sys_pll/sys_pll/sys_pll_in_context.xdc}, line 4).
Applied set_property KEEP_HIERARCHY = SOFT for clock_40mhz. (constraint file  auto generated constraint).
---------------------------------------------------------------------------------
Finished applying 'set_property' XDC Constraints : Time (s): cpu = 00:00:11 ; elapsed = 00:00:11 . Memory (MB): peak = 1458.262 ; gain = 587.363
---------------------------------------------------------------------------------
INFO: [Synth 8-802] inferred FSM for state register 'stateNow_reg' in module 'I2C_Controller'
---------------------------------------------------------------------------------------------------
                   State |                     New Encoding |                Previous Encoding 
---------------------------------------------------------------------------------------------------
                    idle |                             0000 | 00000000000000000000000000000000
                  start1 |                             0001 | 00000000000000000000000000000001
                  start2 |                             0010 | 00000000000000000000000000000010
                   addr1 |                             0011 | 00000000000000000000000000000111
                   addr2 |                             0100 | 00000000000000000000000000001000
                   addr3 |                             0101 | 00000000000000000000000000001001
                   addr4 |                             0110 | 00000000000000000000000000001010
                addr_end |                             0111 | 00000000000000000000000000001011
                   data1 |                             1000 | 00000000000000000000000000001100
                   data2 |                             1001 | 00000000000000000000000000001101
                   data3 |                             1010 | 00000000000000000000000000001110
                   data4 |                             1011 | 00000000000000000000000000001111
                data_end |                             1100 | 00000000000000000000000000010000
                   stop1 |                             1101 | 00000000000000000000000000000101
                   stop2 |                             1110 | 00000000000000000000000000000110
---------------------------------------------------------------------------------------------------
INFO: [Synth 8-3354] encoded FSM with state register 'stateNow_reg' using encoding 'sequential' in module 'I2C_Controller'
---------------------------------------------------------------------------------
Finished RTL Optimization Phase 2 : Time (s): cpu = 00:00:11 ; elapsed = 00:00:12 . Memory (MB): peak = 1458.262 ; gain = 587.363
---------------------------------------------------------------------------------
---------------------------------------------------------------------------------
Start RTL Component Statistics 
---------------------------------------------------------------------------------
Detailed RTL Component Info : 
+---Adders : 
	   2 Input    5 Bit       Adders := 2     
	   2 Input    3 Bit       Adders := 1     
+---Registers : 
	                5 Bit    Registers := 2     
	                1 Bit    Registers := 5     
+---Muxes : 
	   2 Input    5 Bit        Muxes := 1     
	  15 Input    5 Bit        Muxes := 1     
	  15 Input    4 Bit        Muxes := 1     
	   2 Input    4 Bit        Muxes := 6     
	   2 Input    1 Bit        Muxes := 11    
	   3 Input    1 Bit        Muxes := 1     
	  15 Input    1 Bit        Muxes := 8     
---------------------------------------------------------------------------------
Finished RTL Component Statistics 
---------------------------------------------------------------------------------
---------------------------------------------------------------------------------
Start Part Resource Summary
---------------------------------------------------------------------------------
Part Resources:
DSPs: 90 (col length:60)
BRAMs: 100 (col length: RAMB18 60 RAMB36 30)
---------------------------------------------------------------------------------
Finished Part Resource Summary
---------------------------------------------------------------------------------
---------------------------------------------------------------------------------
Start Cross Boundary and Area Optimization
---------------------------------------------------------------------------------
WARNING: [Synth 8-7080] Parallel synthesis criteria is not met
---------------------------------------------------------------------------------
Finished Cross Boundary and Area Optimization : Time (s): cpu = 00:00:13 ; elapsed = 00:00:13 . Memory (MB): peak = 1458.262 ; gain = 587.363
---------------------------------------------------------------------------------
---------------------------------------------------------------------------------
Start Applying XDC Timing Constraints
---------------------------------------------------------------------------------
---------------------------------------------------------------------------------
Finished Applying XDC Timing Constraints : Time (s): cpu = 00:00:17 ; elapsed = 00:00:18 . Memory (MB): peak = 1458.262 ; gain = 587.363
---------------------------------------------------------------------------------
---------------------------------------------------------------------------------
Start Timing Optimization
---------------------------------------------------------------------------------
---------------------------------------------------------------------------------
Finished Timing Optimization : Time (s): cpu = 00:00:18 ; elapsed = 00:00:18 . Memory (MB): peak = 1458.262 ; gain = 587.363
---------------------------------------------------------------------------------
---------------------------------------------------------------------------------
Start Technology Mapping
---------------------------------------------------------------------------------
---------------------------------------------------------------------------------
Finished Technology Mapping : Time (s): cpu = 00:00:18 ; elapsed = 00:00:18 . Memory (MB): peak = 1458.262 ; gain = 587.363
---------------------------------------------------------------------------------
---------------------------------------------------------------------------------
Start IO Insertion
---------------------------------------------------------------------------------
---------------------------------------------------------------------------------
Start Flattening Before IO Insertion
---------------------------------------------------------------------------------
---------------------------------------------------------------------------------
Finished Flattening Before IO Insertion
---------------------------------------------------------------------------------
---------------------------------------------------------------------------------
Start Final Netlist Cleanup
---------------------------------------------------------------------------------
---------------------------------------------------------------------------------
Finished Final Netlist Cleanup
---------------------------------------------------------------------------------
---------------------------------------------------------------------------------
Finished IO Insertion : Time (s): cpu = 00:00:22 ; elapsed = 00:00:23 . Memory (MB): peak = 1458.262 ; gain = 587.363
---------------------------------------------------------------------------------
---------------------------------------------------------------------------------
Start Renaming Generated Instances
---------------------------------------------------------------------------------
---------------------------------------------------------------------------------
Finished Renaming Generated Instances : Time (s): cpu = 00:00:22 ; elapsed = 00:00:23 . Memory (MB): peak = 1458.262 ; gain = 587.363
---------------------------------------------------------------------------------
---------------------------------------------------------------------------------
Start Rebuilding User Hierarchy
---------------------------------------------------------------------------------
---------------------------------------------------------------------------------
Finished Rebuilding User Hierarchy : Time (s): cpu = 00:00:22 ; elapsed = 00:00:23 . Memory (MB): peak = 1458.262 ; gain = 587.363
---------------------------------------------------------------------------------
---------------------------------------------------------------------------------
Start Renaming Generated Ports
---------------------------------------------------------------------------------
---------------------------------------------------------------------------------
Finished Renaming Generated Ports : Time (s): cpu = 00:00:22 ; elapsed = 00:00:23 . Memory (MB): peak = 1458.262 ; gain = 587.363
---------------------------------------------------------------------------------
---------------------------------------------------------------------------------
Start Handling Custom Attributes
---------------------------------------------------------------------------------
---------------------------------------------------------------------------------
Finished Handling Custom Attributes : Time (s): cpu = 00:00:22 ; elapsed = 00:00:23 . Memory (MB): peak = 1458.262 ; gain = 587.363
---------------------------------------------------------------------------------
---------------------------------------------------------------------------------
Start Renaming Generated Nets
---------------------------------------------------------------------------------
---------------------------------------------------------------------------------
Finished Renaming Generated Nets : Time (s): cpu = 00:00:22 ; elapsed = 00:00:23 . Memory (MB): peak = 1458.262 ; gain = 587.363
---------------------------------------------------------------------------------
---------------------------------------------------------------------------------
Start Writing Synthesis Report
---------------------------------------------------------------------------------

Report BlackBoxes: 
+------+--------------+----------+
|      |BlackBox name |Instances |
+------+--------------+----------+
|1     |sys_pll       |         1|
+------+--------------+----------+

Report Cell Usage: 
+------+--------+------+
|      |Cell    |Count |
+------+--------+------+
|1     |sys_pll |     1|
|2     |CARRY4  |     2|
|3     |LUT1    |     3|
|4     |LUT2    |     5|
|5     |LUT3    |     4|
|6     |LUT4    |     7|
|7     |LUT5    |     8|
|8     |LUT6    |    18|
|9     |FDRE    |    24|
|10    |FDSE    |     2|
|11    |IBUF    |     5|
|12    |OBUF    |     1|
|13    |OBUFT   |     1|
+------+--------+------+
---------------------------------------------------------------------------------
Finished Writing Synthesis Report : Time (s): cpu = 00:00:22 ; elapsed = 00:00:23 . Memory (MB): peak = 1458.262 ; gain = 587.363
---------------------------------------------------------------------------------
Synthesis finished with 0 errors, 0 critical warnings and 1 warnings.
Synthesis Optimization Runtime : Time (s): cpu = 00:00:16 ; elapsed = 00:00:21 . Memory (MB): peak = 1458.262 ; gain = 549.234
Synthesis Optimization Complete : Time (s): cpu = 00:00:22 ; elapsed = 00:00:23 . Memory (MB): peak = 1458.262 ; gain = 587.363
INFO: [Project 1-571] Translating synthesized netlist
Netlist sorting complete. Time (s): cpu = 00:00:00 ; elapsed = 00:00:00 . Memory (MB): peak = 1458.262 ; gain = 0.000
INFO: [Netlist 29-17] Analyzing 2 Unisim elements for replacement
INFO: [Netlist 29-28] Unisim Transformation completed in 0 CPU seconds
INFO: [Project 1-570] Preparing netlist for logic optimization
INFO: [Opt 31-138] Pushed 0 inverter(s) to 0 load pin(s).
Netlist sorting complete. Time (s): cpu = 00:00:00 ; elapsed = 00:00:00 . Memory (MB): peak = 1458.262 ; gain = 0.000
INFO: [Project 1-111] Unisim Transformation Summary:
No Unisim elements were transformed.

Access is denied.
Synth Design complete | Checksum: c7eb9b3b
INFO: [Common 17-83] Releasing license: Synthesis
31 Infos, 1 Warnings, 0 Critical Warnings and 0 Errors encountered.
synth_design completed successfully
synth_design: Time (s): cpu = 00:00:25 ; elapsed = 00:00:27 . Memory (MB): peak = 1458.262 ; gain = 979.762
Write ShapeDB Complete: Time (s): cpu = 00:00:00 ; elapsed = 00:00:00.001 . Memory (MB): peak = 1458.262 ; gain = 0.000
INFO: [Common 17-1381] The checkpoint 'C:/Users/Dennis Wong/Documents/FPGA_Projects/I2C_Controller/I2C_Controller/I2C_Controller.runs/synth_1/Top_Module.dcp' has been generated.
INFO: [runtcl-4] Executing : report_utilization -file Top_Module_utilization_synth.rpt -pb Top_Module_utilization_synth.pb
INFO: [Common 17-206] Exiting Vivado at Wed Aug 12 00:01:10 2026...
