#-----------------------------------------------------------
# Vivado v2023.2 (64-bit)
# SW Build 4029153 on Fri Oct 13 20:14:34 MDT 2023
# IP Build 4028589 on Sat Oct 14 00:45:43 MDT 2023
# SharedData Build 4025554 on Tue Oct 10 17:18:54 MDT 2023
# Start of session at: Wed Aug 19 01:02:26 2026
# Process ID: 26212
# Current directory: C:/Users/Dennis Wong/Documents/FPGA_Projects/I2C_Controller/I2C_Controller/I2C_Controller.runs/synth_1
# Command line: vivado.exe -log I2C_Controller.vds -product Vivado -mode batch -messageDb vivado.pb -notrace -source I2C_Controller.tcl
# Log file: C:/Users/Dennis Wong/Documents/FPGA_Projects/I2C_Controller/I2C_Controller/I2C_Controller.runs/synth_1/I2C_Controller.vds
# Journal file: C:/Users/Dennis Wong/Documents/FPGA_Projects/I2C_Controller/I2C_Controller/I2C_Controller.runs/synth_1\vivado.jou
# Running On: DennisE16, OS: Windows, CPU Frequency: 3294 MHz, CPU Physical cores: 16, Host memory: 31854 MB
#-----------------------------------------------------------
source I2C_Controller.tcl -notrace
